// Jest Snapshot v1, https://goo.gl/fbAQLP

exports[`LeagueTable should render table  1`] = `
.c0 {
  padding-top: 100px;
}

<div>
  <div
    class="mantine-Container-root c0 mantine-1pdibkf"
  >
    <div
      class="mantine-Badge-root mantine-1q104z4"
    >
      <span
        class="mantine-1t45alw mantine-Badge-inner"
      >
        League Table
      </span>
    </div>
    <div
      class="mantine-1cw9ra3"
    />
    <table
      class="mantine-Table-root mantine-1hu3wr5"
      data-hover="true"
      data-striped="true"
    >
      <thead>
        <tr>
          <th>
            Position
          </th>
          <th>
            Club
          </th>
          <th>
            Played
          </th>
          <th>
            Won
          </th>
          <th>
            Drawn
          </th>
          <th>
            Lost
          </th>
          <th>
            GF
          </th>
          <th>
            GA
          </th>
          <th>
            GD
          </th>
          <th>
            Points
          </th>
        </tr>
      </thead>
      <tbody>
        <tr>
          <td>
            1
          </td>
          <td>
            <a
              class="mantine-Text-root mantine-bwhnbm"
              href="/fixtures/Leicester City"
            >
              Leicester City
            </a>
          </td>
          <td>
            6
          </td>
          <td>
            3
          </td>
          <td>
            3
          </td>
          <td>
            0
          </td>
          <td>
            8
          </td>
          <td>
            3
          </td>
          <td>
            5
          </td>
          <td>
            12
          </td>
        </tr>
        <tr>
          <td>
            2
          </td>
          <td>
            <a
              class="mantine-Text-root mantine-bwhnbm"
              href="/fixtures/Liverpool"
            >
              Liverpool
            </a>
          </td>
          <td>
            6
          </td>
          <td>
            3
          </td>
          <td>
            3
          </td>
          <td>
            0
          </td>
          <td>
            8
          </td>
          <td>
            4
          </td>
          <td>
            4
          </td>
          <td>
            12
          </td>
        </tr>
        <tr>
          <td>
            3
          </td>
          <td>
            <a
              class="mantine-Text-root mantine-bwhnbm"
              href="/fixtures/Manchester United"
            >
              Manchester United
            </a>
          </td>
          <td>
            6
          </td>
          <td>
            1
          </td>
          <td>
            3
          </td>
          <td>
            2
          </td>
          <td>
            11
          </td>
          <td>
            9
          </td>
          <td>
            2
          </td>
          <td>
            6
          </td>
        </tr>
        <tr>
          <td>
            4
          </td>
          <td>
            <a
              class="mantine-Text-root mantine-bwhnbm"
              href="/fixtures/Tottenham Hotspur"
            >
              Tottenham Hotspur
            </a>
          </td>
          <td>
            6
          </td>
          <td>
            0
          </td>
          <td>
            6
          </td>
          <td>
            0
          </td>
          <td>
            3
          </td>
          <td>
            3
          </td>
          <td>
            0
          </td>
          <td>
            6
          </td>
        </tr>
        <tr>
          <td>
            5
          </td>
          <td>
            <a
              class="mantine-Text-root mantine-bwhnbm"
              href="/fixtures/Manchester City"
            >
              Manchester City
            </a>
          </td>
          <td>
            6
          </td>
          <td>
            1
          </td>
          <td>
            3
          </td>
          <td>
            2
          </td>
          <td>
            4
          </td>
          <td>
            5
          </td>
          <td>
            -1
          </td>
          <td>
            6
          </td>
        </tr>
        <tr>
          <td>
            6
          </td>
          <td>
            <a
              class="mantine-Text-root mantine-bwhnbm"
              href="/fixtures/Chelsea"
            >
              Chelsea
            </a>
          </td>
          <td>
            6
          </td>
          <td>
            0
          </td>
          <td>
            4
          </td>
          <td>
            2
          </td>
          <td>
            5
          </td>
          <td>
            10
          </td>
          <td>
            -5
          </td>
          <td>
            4
          </td>
        </tr>
        <tr>
          <td>
            7
          </td>
          <td>
            <a
              class="mantine-Text-root mantine-bwhnbm"
              href="/fixtures/Arsenal"
            >
              Arsenal
            </a>
          </td>
          <td>
            6
          </td>
          <td>
            0
          </td>
          <td>
            4
          </td>
          <td>
            2
          </td>
          <td>
            5
          </td>
          <td>
            10
          </td>
          <td>
            -5
          </td>
          <td>
            4
          </td>
        </tr>
      </tbody>
    </table>
  </div>
</div>
`;
